// Jest Snapshot v1, https://goo.gl/fbAQLP

exports[`<PlayerHand /> render: match snapshot 1`] = `
<DocumentFragment>
  <div
    class="player-hand"
  />
</DocumentFragment>
`;
