// Jest Snapshot v1, https://jestjs.io/docs/snapshot-testing

exports[`<Button /> renders a button 1`] = `
<button
  class="button"
>
  Click Me
</button>
`;
