// Jest Snapshot v1, https://goo.gl/fbAQLP

exports[`<Tile /> render: match snapshot 1`] = `
<DocumentFragment>
  <div
    class="tile"
  >
    <icon-mock
      classname="tile__hexagon"
    />
    <div
      class="tile__hexagon__clickable-area clickable"
    />
  </div>
</DocumentFragment>
`;
