// Jest Snapshot v1, https://jestjs.io/docs/snapshot-testing

exports[`<Board /> render: match snapshot 1`] = `
<DocumentFragment>
  <div
    class="board"
  >
    <div
      class="board__row board__row--3-to-equator"
    >
      <button
        aria-disabled="false"
        aria-label="tile -2,-3"
        class="tile available"
        type="button"
      >
        <div
          class="strokeLayer"
        />
        <div
          class="innerLayer"
        />
      </button>
      <button
        aria-disabled="false"
        aria-label="tile -1,-3"
        class="tile available"
        type="button"
      >
        <div
          class="strokeLayer"
        />
        <div
          class="innerLayer"
        />
      </button>
      <button
        aria-disabled="false"
        aria-label="tile 0,-3"
        class="tile available enemy1"
        type="button"
      >
        <div
          class="strokeLayer"
        />
        <div
          class="innerLayer"
        />
        <div
          aria-label="enemy1 castle"
          aria-roledescription="game building"
          class="building"
          role="img"
        />
      </button>
      <button
        aria-disabled="false"
        aria-label="tile 1,-3"
        class="tile available"
        type="button"
      >
        <div
          class="strokeLayer"
        />
        <div
          class="innerLayer"
        />
      </button>
      <button
        aria-disabled="false"
        aria-label="tile 2,-3"
        class="tile available"
        type="button"
      >
        <div
          class="strokeLayer"
        />
        <div
          class="innerLayer"
        />
      </button>
    </div>
    <div
      class="board__row board__row--2-to-equator"
    >
      <button
        aria-disabled="false"
        aria-label="tile -3,-2"
        class="tile available"
        type="button"
      >
        <div
          class="strokeLayer"
        />
        <div
          class="innerLayer"
        />
      </button>
      <button
        aria-disabled="false"
        aria-label="tile -2,-2"
        class="tile available"
        type="button"
      >
        <div
          class="strokeLayer"
        />
        <div
          class="innerLayer"
        />
      </button>
      <button
        aria-disabled="false"
        aria-label="tile -1,-2"
        class="tile available enemy1"
        type="button"
      >
        <div
          class="strokeLayer"
        />
        <div
          class="innerLayer"
        >
          <div
            class="content"
          >
            <div
              aria-label="enemy1 soldier"
              aria-roledescription="game piece"
              class="piece ignore-clicks"
              role="img"
            />
          </div>
        </div>
      </button>
      <button
        aria-disabled="false"
        aria-label="tile 0,-2"
        class="tile available"
        type="button"
      >
        <div
          class="strokeLayer"
        />
        <div
          class="innerLayer"
        />
      </button>
      <button
        aria-disabled="false"
        aria-label="tile 1,-2"
        class="tile available"
        type="button"
      >
        <div
          class="strokeLayer"
        />
        <div
          class="innerLayer"
        />
      </button>
      <button
        aria-disabled="false"
        aria-label="tile 2,-2"
        class="tile available"
        type="button"
      >
        <div
          class="strokeLayer"
        />
        <div
          class="innerLayer"
        />
      </button>
    </div>
    <div
      class="board__row board__row--1-to-equator"
    >
      <button
        aria-disabled="false"
        aria-label="tile -3,-1"
        class="tile available"
        type="button"
      >
        <div
          class="strokeLayer"
        />
        <div
          class="innerLayer"
        />
      </button>
      <button
        aria-disabled="false"
        aria-label="tile -2,-1"
        class="tile available"
        type="button"
      >
        <div
          class="strokeLayer"
        />
        <div
          class="innerLayer"
        />
      </button>
      <button
        aria-disabled="false"
        aria-label="tile -1,-1"
        class="tile available"
        type="button"
      >
        <div
          class="strokeLayer"
        />
        <div
          class="innerLayer"
        >
          <div
            aria-label="terrain lake"
            aria-roledescription="game terrain"
            class="terrain"
            role="img"
          />
        </div>
      </button>
      <button
        aria-disabled="false"
        aria-label="tile 0,-1"
        class="tile available"
        type="button"
      >
        <div
          class="strokeLayer"
        />
        <div
          class="innerLayer"
        />
      </button>
      <button
        aria-disabled="false"
        aria-label="tile 1,-1"
        class="tile available"
        type="button"
      >
        <div
          class="strokeLayer"
        />
        <div
          class="innerLayer"
        />
      </button>
      <button
        aria-disabled="false"
        aria-label="tile 2,-1"
        class="tile available"
        type="button"
      >
        <div
          class="strokeLayer"
        />
        <div
          class="innerLayer"
        />
      </button>
      <button
        aria-disabled="false"
        aria-label="tile 3,-1"
        class="tile available"
        type="button"
      >
        <div
          class="strokeLayer"
        />
        <div
          class="innerLayer"
        />
      </button>
    </div>
    <div
      class="board__row"
    >
      <button
        aria-disabled="false"
        aria-label="tile -4,0"
        class="tile available player"
        type="button"
      >
        <div
          class="strokeLayer"
        />
        <div
          class="innerLayer"
        />
        <div
          aria-label="player castle"
          aria-roledescription="game building"
          class="building"
          role="img"
        />
      </button>
      <button
        aria-disabled="false"
        aria-label="tile -3,0"
        class="tile available player"
        type="button"
      >
        <div
          class="strokeLayer"
        />
        <div
          class="innerLayer"
        >
          <div
            class="content"
          >
            <div
              aria-label="player soldier"
              aria-roledescription="game piece"
              class="piece ignore-clicks"
              role="img"
            />
          </div>
        </div>
      </button>
      <button
        aria-disabled="false"
        aria-label="tile -2,0"
        class="tile available"
        type="button"
      >
        <div
          class="strokeLayer"
        />
        <div
          class="innerLayer"
        />
      </button>
      <button
        aria-disabled="false"
        aria-label="tile -1,0"
        class="tile available"
        type="button"
      >
        <div
          class="strokeLayer"
        />
        <div
          class="innerLayer"
        />
      </button>
      <button
        aria-disabled="false"
        aria-label="tile 0,0"
        class="tile available"
        type="button"
      >
        <div
          class="strokeLayer"
        />
        <div
          class="innerLayer"
        />
      </button>
      <button
        aria-disabled="false"
        aria-label="tile 1,0"
        class="tile available"
        type="button"
      >
        <div
          class="strokeLayer"
        />
        <div
          class="innerLayer"
        />
      </button>
      <button
        aria-disabled="false"
        aria-label="tile 2,0"
        class="tile available enemy2"
        type="button"
      >
        <div
          class="strokeLayer"
        />
        <div
          class="innerLayer"
        >
          <div
            class="content"
          >
            <div
              aria-label="enemy2 soldier"
              aria-roledescription="game piece"
              class="piece ignore-clicks"
              role="img"
            />
          </div>
        </div>
      </button>
      <button
        aria-disabled="false"
        aria-label="tile 3,0"
        class="tile available enemy2"
        type="button"
      >
        <div
          class="strokeLayer"
        />
        <div
          class="innerLayer"
        />
        <div
          aria-label="enemy2 castle"
          aria-roledescription="game building"
          class="building"
          role="img"
        />
      </button>
    </div>
    <div
      class="board__row board__row--1-to-equator"
    >
      <button
        aria-disabled="false"
        aria-label="tile -3,1"
        class="tile available"
        type="button"
      >
        <div
          class="strokeLayer"
        />
        <div
          class="innerLayer"
        />
      </button>
      <button
        aria-disabled="false"
        aria-label="tile -2,1"
        class="tile available"
        type="button"
      >
        <div
          class="strokeLayer"
        />
        <div
          class="innerLayer"
        />
      </button>
      <button
        aria-disabled="false"
        aria-label="tile -1,1"
        class="tile available"
        type="button"
      >
        <div
          class="strokeLayer"
        />
        <div
          class="innerLayer"
        />
      </button>
      <button
        aria-disabled="false"
        aria-label="tile 0,1"
        class="tile available"
        type="button"
      >
        <div
          class="strokeLayer"
        />
        <div
          class="innerLayer"
        />
      </button>
      <button
        aria-disabled="false"
        aria-label="tile 1,1"
        class="tile available"
        type="button"
      >
        <div
          class="strokeLayer"
        />
        <div
          class="innerLayer"
        >
          <div
            aria-label="terrain lake"
            aria-roledescription="game terrain"
            class="terrain"
            role="img"
          />
        </div>
      </button>
      <button
        aria-disabled="false"
        aria-label="tile 2,1"
        class="tile available"
        type="button"
      >
        <div
          class="strokeLayer"
        />
        <div
          class="innerLayer"
        />
      </button>
      <button
        aria-disabled="false"
        aria-label="tile 3,1"
        class="tile available"
        type="button"
      >
        <div
          class="strokeLayer"
        />
        <div
          class="innerLayer"
        />
      </button>
    </div>
    <div
      class="board__row board__row--2-to-equator"
    >
      <button
        aria-disabled="false"
        aria-label="tile -3,2"
        class="tile available"
        type="button"
      >
        <div
          class="strokeLayer"
        />
        <div
          class="innerLayer"
        />
      </button>
      <button
        aria-disabled="false"
        aria-label="tile -2,2"
        class="tile available"
        type="button"
      >
        <div
          class="strokeLayer"
        />
        <div
          class="innerLayer"
        />
      </button>
      <button
        aria-disabled="false"
        aria-label="tile -1,2"
        class="tile available"
        type="button"
      >
        <div
          class="strokeLayer"
        />
        <div
          class="innerLayer"
        />
      </button>
      <button
        aria-disabled="false"
        aria-label="tile 0,2"
        class="tile available enemy3"
        type="button"
      >
        <div
          class="strokeLayer"
        />
        <div
          class="innerLayer"
        >
          <div
            class="content"
          >
            <div
              aria-label="enemy3 soldier"
              aria-roledescription="game piece"
              class="piece ignore-clicks"
              role="img"
            />
          </div>
        </div>
      </button>
      <button
        aria-disabled="false"
        aria-label="tile 1,2"
        class="tile available"
        type="button"
      >
        <div
          class="strokeLayer"
        />
        <div
          class="innerLayer"
        />
      </button>
      <button
        aria-disabled="false"
        aria-label="tile 2,2"
        class="tile available"
        type="button"
      >
        <div
          class="strokeLayer"
        />
        <div
          class="innerLayer"
        />
      </button>
    </div>
    <div
      class="board__row board__row--3-to-equator"
    >
      <button
        aria-disabled="false"
        aria-label="tile -2,3"
        class="tile available"
        type="button"
      >
        <div
          class="strokeLayer"
        />
        <div
          class="innerLayer"
        />
      </button>
      <button
        aria-disabled="false"
        aria-label="tile -1,3"
        class="tile available"
        type="button"
      >
        <div
          class="strokeLayer"
        />
        <div
          class="innerLayer"
        />
      </button>
      <button
        aria-disabled="false"
        aria-label="tile 0,3"
        class="tile available enemy3"
        type="button"
      >
        <div
          class="strokeLayer"
        />
        <div
          class="innerLayer"
        />
        <div
          aria-label="enemy3 castle"
          aria-roledescription="game building"
          class="building"
          role="img"
        />
      </button>
      <button
        aria-disabled="false"
        aria-label="tile 1,3"
        class="tile available"
        type="button"
      >
        <div
          class="strokeLayer"
        />
        <div
          class="innerLayer"
        />
      </button>
      <button
        aria-disabled="false"
        aria-label="tile 2,3"
        class="tile available"
        type="button"
      >
        <div
          class="strokeLayer"
        />
        <div
          class="innerLayer"
        />
      </button>
    </div>
  </div>
</DocumentFragment>
`;
